// Vitest Snapshot v1, https://vitest.dev/guide/snapshot.html

exports[`eslint-formatter-checkstyle > should format results correctly 1`] = `"<?xml version="1.0" encoding="utf-8"?><checkstyle version="4.3"><file name="foo.js"><error line="5" column="10" severity="error" message="Unexpected foo. (foo)" source="eslint.rules.foo" /></file><file name="bar.js"><error line="6" column="11" severity="warning" message="Unexpected bar. (bar)" source="eslint.rules.bar" /></file></checkstyle>"`;
