// Vitest Snapshot v1, https://vitest.dev/guide/snapshot.html

exports[`eslint-formatter-json > should format results correctly 1`] = `"[{"filePath":"foo.js","messages":[{"message":"Unexpected foo.","severity":2,"line":5,"column":10,"ruleId":"foo"}],"errorCount":1,"warningCount":0,"fixableErrorCount":0,"fixableWarningCount":0},{"filePath":"bar.js","messages":[{"message":"Unexpected bar.","severity":1,"line":6,"column":11,"ruleId":"bar"}],"errorCount":0,"warningCount":1,"fixableErrorCount":0,"fixableWarningCount":0}]"`;
