// Vitest Snapshot v1, https://vitest.dev/guide/snapshot.html

exports[`eslint-formatter-stylish > should format results correctly 1`] = `
"
foo.js
  5:10  error  Unexpected foo  foo

bar.js
  6:11  warning  Unexpected bar  bar

âœ– 2 problems (1 error, 1 warning)
"
`;
