// Vitest Snapshot v1, https://vitest.dev/guide/snapshot.html

exports[`eslint-formatter-unix > should format results correctly 1`] = `
"foo.js:5:10: Unexpected foo. [Error/foo]
bar.js:6:11: Unexpected bar. [Warning/bar]

2 problems"
`;
