// Vitest Snapshot v1, https://vitest.dev/guide/snapshot.html

exports[`eslint-formatter-visualstudio > should format results correctly 1`] = `
"foo.js(5,10): error foo : Unexpected foo.
bar.js(6,11): warning bar : Unexpected bar.

2 problems"
`;
